=== BATCH 1 RETRY 0 ===
===PAIR===
Q: How can I detect anomalies in SCADA network traffic to identify potential intrusions?
A: **Technique: Network Traffic Analysis \u2014 T1012 (SCADA Network Intrusion and Reconnaissance)**

Use `tcpdump` or `Wireshark` to capture packets on the SCADA network.
```bash
# Capture Modbus traffic
tcpdump -i eth0 port 502 -w modbus_traffic.pcap

# Analyze with Wireshark
wireshark modbus_traffic.pcap
```
Look for unusual patterns, such as unexpected Modbus function codes or high-frequency requests.

**Artifacts:**
- Network: Captured `.pcap` files.
- ICS firewall logs: Increased traffic volume or new IP addresses.
- SCADA historian: Unusual data points that correlate with the captured times.

**Cleanup:**
```bash
# Remove temporary capture file
rm modbus_traffic.pcap
```
===PAIR===
Q: What is a common method to exploit DNP3 out-of-band communication?
A: **Technique: Out-of-Band Communication \u2014 T0867 (DNP3 Protocol Attacks)**

Inject rogue master messages using `dnp3tool` or similar.
```bash
# Inject a configuration request
dnp3tool inject -m 10.10.10.20 -a 1 -f config_request
```
Monitor the response to confirm the injection.

**Artifacts:**
- Network: Additional DNP3 frames with function codes related to out-of-band communication.
- ICS device logs: Configuration change acknowledgments or errors.

**Cleanup:**
```bash
# No persistent changes made (read-only injection)
```
===PAIR===
Q: How can I modify ladder logic on a PLC using programmable controller software?
A: **Technique: PLC Programming \u2014 T0831 (PLC Programming Attacks)**

Use `Siemens TIA Portal` or `Rockwell RSLogix` to open the project and edit the ladder diagram.
```bash
# Open a Siemens S7-1200 project in TIA Portal
TIA_Portal.exe /project=MyProject.spp

# Navigate to the desired PLC and modify the ladder logic.
```
After making changes, upload the program to the PLC.

**Artifacts:**
- ICS device logs: Program upload confirmation or errors.
- SCADA historian: Changes in output values that correlate with the new logic.

**Cleanup:**
```bash
# Save and close the project in TIA Portal
TIA_Portal.exe /save=MyProject.spp
```
===PAIR===
Q: How do I perform a firmware update on an ICS device to check for vulnerabilities?
A: **Technique: Firmware Manipulation \u2014 T0867 (DNP3 Protocol Attacks)**

Download the latest firmware from the vendor’s website and use `flashtool` or similar to update.
```bash
# Update the firmware on a Siemens S7-300 PLC
flashtool -d 192.168.0.50 -f s7-300_firmware.bin
```
Verify the update by checking device status.

**Artifacts:**
- ICS device logs: Firmware update confirmation or errors.
- SCADA historian: Potential changes in performance metrics post-update.

**Cleanup:**
```bash
# No persistent changes made (firmware is a versioned update)
```
===PAIR===
Q: How can I identify and mitigate Denial of Service attacks against PLCs?
A: **Technique: Network Traffic Analysis \u2014 T1012 (SCADA Network Intrusion and Reconnaissance)**

Use `nfdump` or `tcpdump` to analyze network traffic for unusual patterns.
```bash
# Analyze recent Modbus traffic
nfdump -r modbus_traffic.pcap 'dst port 502'

# Look for high-frequency requests or large payloads
```
Implement rate limiting on the PLCs and firewalls to mitigate DoS.

**Artifacts:**
- Network: Captured `.pcap` files with high-frequency Modbus requests.
- ICS firewall logs: Rate limit adjustments.
- SCADA historian: Potential data loss or delays during the attack period.

**Cleanup:**
```bash
# Reset rate limits to original values
iptables -F INPUT
```

